// Jest Snapshot v1, https://goo.gl/fbAQLP

exports[`has right title 1`] = `
<DocumentFragment>
  <div>
    <div
      class="card"
      style="width: 18rem;"
    >
      <div
        class="card-body"
      >
        <div
          class="card-title h5"
        >
          testing_name
        </div>
        <p
          class="card-text"
        >
          <i>
            testing_bio
          </i>
          <span>
            testing_title
          </span>
          <br />
          <span
            style="display: inline-block; direction: ltr;"
          >
            <span
              style="cursor: pointer; display: inline-block; position: relative;"
            >
              <span
                style="display: inline-block; border-radius: 50%; border: 5px double white; width: 30px; height: 30px; background-color: rgb(204, 204, 204);"
              />
              <span
                style="display: inline-block; position: absolute; overflow: hidden; top: 0px; left: 0px; width: 100%;"
              >
                <span
                  style="display: inline-block; border-radius: 50%; border: 5px double white; width: 30px; height: 30px; background-color: red;"
                />
              </span>
            </span>
            <span
              style="cursor: pointer; display: inline-block; position: relative;"
            >
              <span
                style="display: inline-block; border-radius: 50%; border: 5px double white; width: 30px; height: 30px; background-color: rgb(204, 204, 204);"
              />
              <span
                style="display: inline-block; position: absolute; overflow: hidden; top: 0px; left: 0px; width: 100%;"
              >
                <span
                  style="display: inline-block; border-radius: 50%; border: 5px double white; width: 30px; height: 30px; background-color: red;"
                />
              </span>
            </span>
            <span
              style="cursor: pointer; display: inline-block; position: relative;"
            >
              <span
                style="display: inline-block; border-radius: 50%; border: 5px double white; width: 30px; height: 30px; background-color: rgb(204, 204, 204);"
              />
              <span
                style="display: inline-block; position: absolute; overflow: hidden; top: 0px; left: 0px; width: 100%;"
              >
                <span
                  style="display: inline-block; border-radius: 50%; border: 5px double white; width: 30px; height: 30px; background-color: red;"
                />
              </span>
            </span>
            <span
              style="cursor: pointer; display: inline-block; position: relative;"
            >
              <span
                style="display: inline-block; border-radius: 50%; border: 5px double white; width: 30px; height: 30px; background-color: rgb(204, 204, 204);"
              />
              <span
                style="display: inline-block; position: absolute; overflow: hidden; top: 0px; left: 0px; width: 0%;"
              >
                <span
                  style="display: inline-block; border-radius: 50%; border: 5px double white; width: 30px; height: 30px; background-color: red;"
                />
              </span>
            </span>
            <span
              style="cursor: pointer; display: inline-block; position: relative;"
            >
              <span
                style="display: inline-block; border-radius: 50%; border: 5px double white; width: 30px; height: 30px; background-color: rgb(204, 204, 204);"
              />
              <span
                style="display: inline-block; position: absolute; overflow: hidden; top: 0px; left: 0px; width: 0%;"
              >
                <span
                  style="display: inline-block; border-radius: 50%; border: 5px double white; width: 30px; height: 30px; background-color: red;"
                />
              </span>
            </span>
          </span>
        </p>
      </div>
    </div>
  </div>
</DocumentFragment>
`;

exports[`render the advisor card 1`] = `
<DocumentFragment>
  <div>
    <div
      class="card"
      style="width: 18rem;"
    >
      <div
        class="card-body"
      >
        <div
          class="card-title h5"
        >
          testing_name
        </div>
        <p
          class="card-text"
        >
          <i>
            testing_bio
          </i>
          <span>
            testing_title
          </span>
          <br />
          <span
            style="display: inline-block; direction: ltr;"
          >
            <span
              style="cursor: pointer; display: inline-block; position: relative;"
            >
              <span
                style="display: inline-block; border-radius: 50%; border: 5px double white; width: 30px; height: 30px; background-color: rgb(204, 204, 204);"
              />
              <span
                style="display: inline-block; position: absolute; overflow: hidden; top: 0px; left: 0px; width: 100%;"
              >
                <span
                  style="display: inline-block; border-radius: 50%; border: 5px double white; width: 30px; height: 30px; background-color: red;"
                />
              </span>
            </span>
            <span
              style="cursor: pointer; display: inline-block; position: relative;"
            >
              <span
                style="display: inline-block; border-radius: 50%; border: 5px double white; width: 30px; height: 30px; background-color: rgb(204, 204, 204);"
              />
              <span
                style="display: inline-block; position: absolute; overflow: hidden; top: 0px; left: 0px; width: 100%;"
              >
                <span
                  style="display: inline-block; border-radius: 50%; border: 5px double white; width: 30px; height: 30px; background-color: red;"
                />
              </span>
            </span>
            <span
              style="cursor: pointer; display: inline-block; position: relative;"
            >
              <span
                style="display: inline-block; border-radius: 50%; border: 5px double white; width: 30px; height: 30px; background-color: rgb(204, 204, 204);"
              />
              <span
                style="display: inline-block; position: absolute; overflow: hidden; top: 0px; left: 0px; width: 100%;"
              >
                <span
                  style="display: inline-block; border-radius: 50%; border: 5px double white; width: 30px; height: 30px; background-color: red;"
                />
              </span>
            </span>
            <span
              style="cursor: pointer; display: inline-block; position: relative;"
            >
              <span
                style="display: inline-block; border-radius: 50%; border: 5px double white; width: 30px; height: 30px; background-color: rgb(204, 204, 204);"
              />
              <span
                style="display: inline-block; position: absolute; overflow: hidden; top: 0px; left: 0px; width: 0%;"
              >
                <span
                  style="display: inline-block; border-radius: 50%; border: 5px double white; width: 30px; height: 30px; background-color: red;"
                />
              </span>
            </span>
            <span
              style="cursor: pointer; display: inline-block; position: relative;"
            >
              <span
                style="display: inline-block; border-radius: 50%; border: 5px double white; width: 30px; height: 30px; background-color: rgb(204, 204, 204);"
              />
              <span
                style="display: inline-block; position: absolute; overflow: hidden; top: 0px; left: 0px; width: 0%;"
              >
                <span
                  style="display: inline-block; border-radius: 50%; border: 5px double white; width: 30px; height: 30px; background-color: red;"
                />
              </span>
            </span>
          </span>
        </p>
      </div>
    </div>
  </div>
</DocumentFragment>
`;

exports[`render the catd 1`] = `
<DocumentFragment>
  <div>
    <div
      class="card"
      style="width: 18rem;"
    >
      <div
        class="card-body"
      >
        <div
          class="card-title h5"
        >
          testing_name
        </div>
        <p
          class="card-text"
        >
          <i>
            testing_bio
          </i>
          <span>
            testing_title
          </span>
          <br />
          <span
            style="display: inline-block; direction: ltr;"
          >
            <span
              style="cursor: pointer; display: inline-block; position: relative;"
            >
              <span
                style="display: inline-block; border-radius: 50%; border: 5px double white; width: 30px; height: 30px; background-color: rgb(204, 204, 204);"
              />
              <span
                style="display: inline-block; position: absolute; overflow: hidden; top: 0px; left: 0px; width: 100%;"
              >
                <span
                  style="display: inline-block; border-radius: 50%; border: 5px double white; width: 30px; height: 30px; background-color: red;"
                />
              </span>
            </span>
            <span
              style="cursor: pointer; display: inline-block; position: relative;"
            >
              <span
                style="display: inline-block; border-radius: 50%; border: 5px double white; width: 30px; height: 30px; background-color: rgb(204, 204, 204);"
              />
              <span
                style="display: inline-block; position: absolute; overflow: hidden; top: 0px; left: 0px; width: 100%;"
              >
                <span
                  style="display: inline-block; border-radius: 50%; border: 5px double white; width: 30px; height: 30px; background-color: red;"
                />
              </span>
            </span>
            <span
              style="cursor: pointer; display: inline-block; position: relative;"
            >
              <span
                style="display: inline-block; border-radius: 50%; border: 5px double white; width: 30px; height: 30px; background-color: rgb(204, 204, 204);"
              />
              <span
                style="display: inline-block; position: absolute; overflow: hidden; top: 0px; left: 0px; width: 100%;"
              >
                <span
                  style="display: inline-block; border-radius: 50%; border: 5px double white; width: 30px; height: 30px; background-color: red;"
                />
              </span>
            </span>
            <span
              style="cursor: pointer; display: inline-block; position: relative;"
            >
              <span
                style="display: inline-block; border-radius: 50%; border: 5px double white; width: 30px; height: 30px; background-color: rgb(204, 204, 204);"
              />
              <span
                style="display: inline-block; position: absolute; overflow: hidden; top: 0px; left: 0px; width: 0%;"
              >
                <span
                  style="display: inline-block; border-radius: 50%; border: 5px double white; width: 30px; height: 30px; background-color: red;"
                />
              </span>
            </span>
            <span
              style="cursor: pointer; display: inline-block; position: relative;"
            >
              <span
                style="display: inline-block; border-radius: 50%; border: 5px double white; width: 30px; height: 30px; background-color: rgb(204, 204, 204);"
              />
              <span
                style="display: inline-block; position: absolute; overflow: hidden; top: 0px; left: 0px; width: 0%;"
              >
                <span
                  style="display: inline-block; border-radius: 50%; border: 5px double white; width: 30px; height: 30px; background-color: red;"
                />
              </span>
            </span>
          </span>
        </p>
      </div>
    </div>
  </div>
</DocumentFragment>
`;
